ERROR - 2026-09-28 22:59:00 --> Error connecting to the database: Error: Class "SQLite3" not found in /home/balou/S5/MrRojo/codeigniter4-framework-b3359be/system/Database/SQLite3/Connection.php:111
Stack trace:
#0 /home/balou/S5/MrRojo/codeigniter4-framework-b3359be/system/Database/BaseConnection.php(555): CodeIgniter\Database\SQLite3\Connection->connect()
#1 /home/balou/S5/MrRojo/codeigniter4-framework-b3359be/system/Database/SQLite3/Connection.php(74): CodeIgniter\Database\BaseConnection->initialize()
#2 /home/balou/S5/MrRojo/codeigniter4-framework-b3359be/system/Database/BaseConnection.php(795): CodeIgniter\Database\SQLite3\Connection->initialize()
#3 /home/balou/S5/MrRojo/codeigniter4-framework-b3359be/system/Database/BaseBuilder.php(1649): CodeIgniter\Database\BaseConnection->query()
#4 /home/balou/S5/MrRojo/codeigniter4-framework-b3359be/system/Model.php(192): CodeIgniter\Database\BaseBuilder->get()
#5 /home/balou/S5/MrRojo/codeigniter4-framework-b3359be/system/BaseModel.php(615): CodeIgniter\Model->doFind()
#6 /home/balou/S5/MrRojo/codeigniter4-framework-b3359be/app/Controllers/Api/LivresManuel.php(16): CodeIgniter\BaseModel->find()
#7 /home/balou/S5/MrRojo/codeigniter4-framework-b3359be/system/CodeIgniter.php(951): App\Controllers\Api\LivresManuel->show()
#8 /home/balou/S5/MrRojo/codeigniter4-framework-b3359be/system/CodeIgniter.php(497): CodeIgniter\CodeIgniter->runController()
#9 /home/balou/S5/MrRojo/codeigniter4-framework-b3359be/system/CodeIgniter.php(340): CodeIgniter\CodeIgniter->handleRequest()
#10 /home/balou/S5/MrRojo/codeigniter4-framework-b3359be/system/Boot.php(417): CodeIgniter\CodeIgniter->run()
#11 /home/balou/S5/MrRojo/codeigniter4-framework-b3359be/system/Boot.php(68): CodeIgniter\Boot::runCodeIgniter()
#12 /home/balou/S5/MrRojo/codeigniter4-framework-b3359be/public/index.php(59): CodeIgniter\Boot::bootWeb()
#13 /home/balou/S5/MrRojo/codeigniter4-framework-b3359be/system/rewrite.php(44): require_once('...')
#14 {main}
CRITICAL - 2026-09-28 22:59:00 --> CodeIgniter\Database\Exceptions\DatabaseException: Unable to connect to the database.
Main connection [SQLite3]: Class "SQLite3" not found
[Method: GET, Route: api/manuel/livres/1]
in SYSTEMPATH/Database/BaseConnection.php on line 606.
 1 SYSTEMPATH/Database/SQLite3/Connection.php(74): CodeIgniter\Database\BaseConnection->initialize()
 2 SYSTEMPATH/Database/BaseConnection.php(795): CodeIgniter\Database\SQLite3\Connection->initialize()
 3 SYSTEMPATH/Database/BaseBuilder.php(1649): CodeIgniter\Database\BaseConnection->query()
 4 SYSTEMPATH/Model.php(192): CodeIgniter\Database\BaseBuilder->get()
 5 SYSTEMPATH/BaseModel.php(615): CodeIgniter\Model->doFind()
 6 APPPATH/Controllers/Api/LivresManuel.php(16): CodeIgniter\BaseModel->find()
 7 SYSTEMPATH/CodeIgniter.php(951): App\Controllers\Api\LivresManuel->show()
 8 SYSTEMPATH/CodeIgniter.php(497): CodeIgniter\CodeIgniter->runController()
 9 SYSTEMPATH/CodeIgniter.php(340): CodeIgniter\CodeIgniter->handleRequest()
10 SYSTEMPATH/Boot.php(417): CodeIgniter\CodeIgniter->run()
11 SYSTEMPATH/Boot.php(68): CodeIgniter\Boot::runCodeIgniter()
12 FCPATH/index.php(59): CodeIgniter\Boot::bootWeb()
13 SYSTEMPATH/rewrite.php(44): require_once('/home/balou/S5/MrRojo/codeigniter4-framework-b3359be/public/index.php')
ERROR - 2026-09-28 23:00:18 --> Error connecting to the database: Error: Class "SQLite3" not found in /home/balou/S5/MrRojo/codeigniter4-framework-b3359be/system/Database/SQLite3/Connection.php:111
Stack trace:
#0 /home/balou/S5/MrRojo/codeigniter4-framework-b3359be/system/Database/BaseConnection.php(555): CodeIgniter\Database\SQLite3\Connection->connect()
#1 /home/balou/S5/MrRojo/codeigniter4-framework-b3359be/system/Database/SQLite3/Connection.php(74): CodeIgniter\Database\BaseConnection->initialize()
#2 /home/balou/S5/MrRojo/codeigniter4-framework-b3359be/system/Database/BaseConnection.php(795): CodeIgniter\Database\SQLite3\Connection->initialize()
#3 /home/balou/S5/MrRojo/codeigniter4-framework-b3359be/system/Database/BaseBuilder.php(1649): CodeIgniter\Database\BaseConnection->query()
#4 /home/balou/S5/MrRojo/codeigniter4-framework-b3359be/system/Model.php(192): CodeIgniter\Database\BaseBuilder->get()
#5 /home/balou/S5/MrRojo/codeigniter4-framework-b3359be/system/BaseModel.php(615): CodeIgniter\Model->doFind()
#6 /home/balou/S5/MrRojo/codeigniter4-framework-b3359be/app/Controllers/Api/LivresManuel.php(16): CodeIgniter\BaseModel->find()
#7 /home/balou/S5/MrRojo/codeigniter4-framework-b3359be/system/CodeIgniter.php(951): App\Controllers\Api\LivresManuel->show()
#8 /home/balou/S5/MrRojo/codeigniter4-framework-b3359be/system/CodeIgniter.php(497): CodeIgniter\CodeIgniter->runController()
#9 /home/balou/S5/MrRojo/codeigniter4-framework-b3359be/system/CodeIgniter.php(340): CodeIgniter\CodeIgniter->handleRequest()
#10 /home/balou/S5/MrRojo/codeigniter4-framework-b3359be/system/Boot.php(417): CodeIgniter\CodeIgniter->run()
#11 /home/balou/S5/MrRojo/codeigniter4-framework-b3359be/system/Boot.php(68): CodeIgniter\Boot::runCodeIgniter()
#12 /home/balou/S5/MrRojo/codeigniter4-framework-b3359be/public/index.php(59): CodeIgniter\Boot::bootWeb()
#13 /home/balou/S5/MrRojo/codeigniter4-framework-b3359be/system/rewrite.php(44): require_once('...')
#14 {main}
CRITICAL - 2026-09-28 23:00:18 --> CodeIgniter\Database\Exceptions\DatabaseException: Unable to connect to the database.
Main connection [SQLite3]: Class "SQLite3" not found
[Method: GET, Route: api/manuel/livres/99]
in SYSTEMPATH/Database/BaseConnection.php on line 606.
 1 SYSTEMPATH/Database/SQLite3/Connection.php(74): CodeIgniter\Database\BaseConnection->initialize()
 2 SYSTEMPATH/Database/BaseConnection.php(795): CodeIgniter\Database\SQLite3\Connection->initialize()
 3 SYSTEMPATH/Database/BaseBuilder.php(1649): CodeIgniter\Database\BaseConnection->query()
 4 SYSTEMPATH/Model.php(192): CodeIgniter\Database\BaseBuilder->get()
 5 SYSTEMPATH/BaseModel.php(615): CodeIgniter\Model->doFind()
 6 APPPATH/Controllers/Api/LivresManuel.php(16): CodeIgniter\BaseModel->find()
 7 SYSTEMPATH/CodeIgniter.php(951): App\Controllers\Api\LivresManuel->show()
 8 SYSTEMPATH/CodeIgniter.php(497): CodeIgniter\CodeIgniter->runController()
 9 SYSTEMPATH/CodeIgniter.php(340): CodeIgniter\CodeIgniter->handleRequest()
10 SYSTEMPATH/Boot.php(417): CodeIgniter\CodeIgniter->run()
11 SYSTEMPATH/Boot.php(68): CodeIgniter\Boot::runCodeIgniter()
12 FCPATH/index.php(59): CodeIgniter\Boot::bootWeb()
13 SYSTEMPATH/rewrite.php(44): require_once('/home/balou/S5/MrRojo/codeigniter4-framework-b3359be/public/index.php')
ERROR - 2026-09-28 23:00:25 --> Error connecting to the database: Error: Class "SQLite3" not found in /home/balou/S5/MrRojo/codeigniter4-framework-b3359be/system/Database/SQLite3/Connection.php:111
Stack trace:
#0 /home/balou/S5/MrRojo/codeigniter4-framework-b3359be/system/Database/BaseConnection.php(555): CodeIgniter\Database\SQLite3\Connection->connect()
#1 /home/balou/S5/MrRojo/codeigniter4-framework-b3359be/system/Database/SQLite3/Connection.php(74): CodeIgniter\Database\BaseConnection->initialize()
#2 /home/balou/S5/MrRojo/codeigniter4-framework-b3359be/system/Database/BaseConnection.php(795): CodeIgniter\Database\SQLite3\Connection->initialize()
#3 /home/balou/S5/MrRojo/codeigniter4-framework-b3359be/system/Database/BaseBuilder.php(1649): CodeIgniter\Database\BaseConnection->query()
#4 /home/balou/S5/MrRojo/codeigniter4-framework-b3359be/system/Model.php(192): CodeIgniter\Database\BaseBuilder->get()
#5 /home/balou/S5/MrRojo/codeigniter4-framework-b3359be/system/BaseModel.php(615): CodeIgniter\Model->doFind()
#6 /home/balou/S5/MrRojo/codeigniter4-framework-b3359be/app/Controllers/Api/LivresManuel.php(16): CodeIgniter\BaseModel->find()
#7 /home/balou/S5/MrRojo/codeigniter4-framework-b3359be/system/CodeIgniter.php(951): App\Controllers\Api\LivresManuel->show()
#8 /home/balou/S5/MrRojo/codeigniter4-framework-b3359be/system/CodeIgniter.php(497): CodeIgniter\CodeIgniter->runController()
#9 /home/balou/S5/MrRojo/codeigniter4-framework-b3359be/system/CodeIgniter.php(340): CodeIgniter\CodeIgniter->handleRequest()
#10 /home/balou/S5/MrRojo/codeigniter4-framework-b3359be/system/Boot.php(417): CodeIgniter\CodeIgniter->run()
#11 /home/balou/S5/MrRojo/codeigniter4-framework-b3359be/system/Boot.php(68): CodeIgniter\Boot::runCodeIgniter()
#12 /home/balou/S5/MrRojo/codeigniter4-framework-b3359be/public/index.php(59): CodeIgniter\Boot::bootWeb()
#13 /home/balou/S5/MrRojo/codeigniter4-framework-b3359be/system/rewrite.php(44): require_once('...')
#14 {main}
CRITICAL - 2026-09-28 23:00:25 --> CodeIgniter\Database\Exceptions\DatabaseException: Unable to connect to the database.
Main connection [SQLite3]: Class "SQLite3" not found
[Method: GET, Route: api/manuel/livres/99]
in SYSTEMPATH/Database/BaseConnection.php on line 606.
 1 SYSTEMPATH/Database/SQLite3/Connection.php(74): CodeIgniter\Database\BaseConnection->initialize()
 2 SYSTEMPATH/Database/BaseConnection.php(795): CodeIgniter\Database\SQLite3\Connection->initialize()
 3 SYSTEMPATH/Database/BaseBuilder.php(1649): CodeIgniter\Database\BaseConnection->query()
 4 SYSTEMPATH/Model.php(192): CodeIgniter\Database\BaseBuilder->get()
 5 SYSTEMPATH/BaseModel.php(615): CodeIgniter\Model->doFind()
 6 APPPATH/Controllers/Api/LivresManuel.php(16): CodeIgniter\BaseModel->find()
 7 SYSTEMPATH/CodeIgniter.php(951): App\Controllers\Api\LivresManuel->show()
 8 SYSTEMPATH/CodeIgniter.php(497): CodeIgniter\CodeIgniter->runController()
 9 SYSTEMPATH/CodeIgniter.php(340): CodeIgniter\CodeIgniter->handleRequest()
10 SYSTEMPATH/Boot.php(417): CodeIgniter\CodeIgniter->run()
11 SYSTEMPATH/Boot.php(68): CodeIgniter\Boot::runCodeIgniter()
12 FCPATH/index.php(59): CodeIgniter\Boot::bootWeb()
13 SYSTEMPATH/rewrite.php(44): require_once('/home/balou/S5/MrRojo/codeigniter4-framework-b3359be/public/index.php')
ERROR - 2026-09-28 23:01:41 --> Error connecting to the database: Error: Class "SQLite3" not found in /home/balou/S5/MrRojo/codeigniter4-framework-b3359be/system/Database/SQLite3/Connection.php:111
Stack trace:
#0 /home/balou/S5/MrRojo/codeigniter4-framework-b3359be/system/Database/BaseConnection.php(555): CodeIgniter\Database\SQLite3\Connection->connect()
#1 /home/balou/S5/MrRojo/codeigniter4-framework-b3359be/system/Database/SQLite3/Connection.php(74): CodeIgniter\Database\BaseConnection->initialize()
#2 /home/balou/S5/MrRojo/codeigniter4-framework-b3359be/system/Database/BaseConnection.php(795): CodeIgniter\Database\SQLite3\Connection->initialize()
#3 /home/balou/S5/MrRojo/codeigniter4-framework-b3359be/system/Database/BaseBuilder.php(1649): CodeIgniter\Database\BaseConnection->query()
#4 /home/balou/S5/MrRojo/codeigniter4-framework-b3359be/system/Model.php(192): CodeIgniter\Database\BaseBuilder->get()
#5 /home/balou/S5/MrRojo/codeigniter4-framework-b3359be/system/BaseModel.php(615): CodeIgniter\Model->doFind()
#6 /home/balou/S5/MrRojo/codeigniter4-framework-b3359be/app/Controllers/Api/LivresManuel.php(16): CodeIgniter\BaseModel->find()
#7 /home/balou/S5/MrRojo/codeigniter4-framework-b3359be/system/CodeIgniter.php(951): App\Controllers\Api\LivresManuel->show()
#8 /home/balou/S5/MrRojo/codeigniter4-framework-b3359be/system/CodeIgniter.php(497): CodeIgniter\CodeIgniter->runController()
#9 /home/balou/S5/MrRojo/codeigniter4-framework-b3359be/system/CodeIgniter.php(340): CodeIgniter\CodeIgniter->handleRequest()
#10 /home/balou/S5/MrRojo/codeigniter4-framework-b3359be/system/Boot.php(417): CodeIgniter\CodeIgniter->run()
#11 /home/balou/S5/MrRojo/codeigniter4-framework-b3359be/system/Boot.php(68): CodeIgniter\Boot::runCodeIgniter()
#12 /home/balou/S5/MrRojo/codeigniter4-framework-b3359be/public/index.php(59): CodeIgniter\Boot::bootWeb()
#13 /home/balou/S5/MrRojo/codeigniter4-framework-b3359be/system/rewrite.php(44): require_once('...')
#14 {main}
CRITICAL - 2026-09-28 23:01:41 --> CodeIgniter\Database\Exceptions\DatabaseException: Unable to connect to the database.
Main connection [SQLite3]: Class "SQLite3" not found
[Method: GET, Route: api/manuel/livres/200]
in SYSTEMPATH/Database/BaseConnection.php on line 606.
 1 SYSTEMPATH/Database/SQLite3/Connection.php(74): CodeIgniter\Database\BaseConnection->initialize()
 2 SYSTEMPATH/Database/BaseConnection.php(795): CodeIgniter\Database\SQLite3\Connection->initialize()
 3 SYSTEMPATH/Database/BaseBuilder.php(1649): CodeIgniter\Database\BaseConnection->query()
 4 SYSTEMPATH/Model.php(192): CodeIgniter\Database\BaseBuilder->get()
 5 SYSTEMPATH/BaseModel.php(615): CodeIgniter\Model->doFind()
 6 APPPATH/Controllers/Api/LivresManuel.php(16): CodeIgniter\BaseModel->find()
 7 SYSTEMPATH/CodeIgniter.php(951): App\Controllers\Api\LivresManuel->show()
 8 SYSTEMPATH/CodeIgniter.php(497): CodeIgniter\CodeIgniter->runController()
 9 SYSTEMPATH/CodeIgniter.php(340): CodeIgniter\CodeIgniter->handleRequest()
10 SYSTEMPATH/Boot.php(417): CodeIgniter\CodeIgniter->run()
11 SYSTEMPATH/Boot.php(68): CodeIgniter\Boot::runCodeIgniter()
12 FCPATH/index.php(59): CodeIgniter\Boot::bootWeb()
13 SYSTEMPATH/rewrite.php(44): require_once('/home/balou/S5/MrRojo/codeigniter4-framework-b3359be/public/index.php')
ERROR - 2026-09-28 23:01:46 --> Error connecting to the database: Error: Class "SQLite3" not found in /home/balou/S5/MrRojo/codeigniter4-framework-b3359be/system/Database/SQLite3/Connection.php:111
Stack trace:
#0 /home/balou/S5/MrRojo/codeigniter4-framework-b3359be/system/Database/BaseConnection.php(555): CodeIgniter\Database\SQLite3\Connection->connect()
#1 /home/balou/S5/MrRojo/codeigniter4-framework-b3359be/system/Database/SQLite3/Connection.php(74): CodeIgniter\Database\BaseConnection->initialize()
#2 /home/balou/S5/MrRojo/codeigniter4-framework-b3359be/system/Database/BaseConnection.php(795): CodeIgniter\Database\SQLite3\Connection->initialize()
#3 /home/balou/S5/MrRojo/codeigniter4-framework-b3359be/system/Database/BaseBuilder.php(1649): CodeIgniter\Database\BaseConnection->query()
#4 /home/balou/S5/MrRojo/codeigniter4-framework-b3359be/system/Model.php(192): CodeIgniter\Database\BaseBuilder->get()
#5 /home/balou/S5/MrRojo/codeigniter4-framework-b3359be/system/BaseModel.php(615): CodeIgniter\Model->doFind()
#6 /home/balou/S5/MrRojo/codeigniter4-framework-b3359be/app/Controllers/Api/LivresManuel.php(16): CodeIgniter\BaseModel->find()
#7 /home/balou/S5/MrRojo/codeigniter4-framework-b3359be/system/CodeIgniter.php(951): App\Controllers\Api\LivresManuel->show()
#8 /home/balou/S5/MrRojo/codeigniter4-framework-b3359be/system/CodeIgniter.php(497): CodeIgniter\CodeIgniter->runController()
#9 /home/balou/S5/MrRojo/codeigniter4-framework-b3359be/system/CodeIgniter.php(340): CodeIgniter\CodeIgniter->handleRequest()
#10 /home/balou/S5/MrRojo/codeigniter4-framework-b3359be/system/Boot.php(417): CodeIgniter\CodeIgniter->run()
#11 /home/balou/S5/MrRojo/codeigniter4-framework-b3359be/system/Boot.php(68): CodeIgniter\Boot::runCodeIgniter()
#12 /home/balou/S5/MrRojo/codeigniter4-framework-b3359be/public/index.php(59): CodeIgniter\Boot::bootWeb()
#13 /home/balou/S5/MrRojo/codeigniter4-framework-b3359be/system/rewrite.php(44): require_once('...')
#14 {main}
CRITICAL - 2026-09-28 23:01:46 --> CodeIgniter\Database\Exceptions\DatabaseException: Unable to connect to the database.
Main connection [SQLite3]: Class "SQLite3" not found
[Method: GET, Route: api/manuel/livres/1000]
in SYSTEMPATH/Database/BaseConnection.php on line 606.
 1 SYSTEMPATH/Database/SQLite3/Connection.php(74): CodeIgniter\Database\BaseConnection->initialize()
 2 SYSTEMPATH/Database/BaseConnection.php(795): CodeIgniter\Database\SQLite3\Connection->initialize()
 3 SYSTEMPATH/Database/BaseBuilder.php(1649): CodeIgniter\Database\BaseConnection->query()
 4 SYSTEMPATH/Model.php(192): CodeIgniter\Database\BaseBuilder->get()
 5 SYSTEMPATH/BaseModel.php(615): CodeIgniter\Model->doFind()
 6 APPPATH/Controllers/Api/LivresManuel.php(16): CodeIgniter\BaseModel->find()
 7 SYSTEMPATH/CodeIgniter.php(951): App\Controllers\Api\LivresManuel->show()
 8 SYSTEMPATH/CodeIgniter.php(497): CodeIgniter\CodeIgniter->runController()
 9 SYSTEMPATH/CodeIgniter.php(340): CodeIgniter\CodeIgniter->handleRequest()
10 SYSTEMPATH/Boot.php(417): CodeIgniter\CodeIgniter->run()
11 SYSTEMPATH/Boot.php(68): CodeIgniter\Boot::runCodeIgniter()
12 FCPATH/index.php(59): CodeIgniter\Boot::bootWeb()
13 SYSTEMPATH/rewrite.php(44): require_once('/home/balou/S5/MrRojo/codeigniter4-framework-b3359be/public/index.php')
CRITICAL - 2026-09-28 23:01:52 --> CodeIgniter\HTTP\Exceptions\BadRequestException: The URI you submitted has disallowed characters: "10000000000000000*"
[Method: GET, Route: api/manuel/livres/10000000000000000%2A]
in SYSTEMPATH/Router/Router.php on line 768.
 1 SYSTEMPATH/Router/Router.php(219): CodeIgniter\Router\Router->checkDisallowedChars()
 2 SYSTEMPATH/CodeIgniter.php(829): CodeIgniter\Router\Router->handle()
 3 SYSTEMPATH/CodeIgniter.php(441): CodeIgniter\CodeIgniter->tryToRouteIt()
 4 SYSTEMPATH/CodeIgniter.php(340): CodeIgniter\CodeIgniter->handleRequest()
 5 SYSTEMPATH/Boot.php(417): CodeIgniter\CodeIgniter->run()
 6 SYSTEMPATH/Boot.php(68): CodeIgniter\Boot::runCodeIgniter()
 7 FCPATH/index.php(59): CodeIgniter\Boot::bootWeb()
 8 SYSTEMPATH/rewrite.php(44): require_once('/home/balou/S5/MrRojo/codeigniter4-framework-b3359be/public/index.php')
ERROR - 2026-09-28 23:18:07 --> Error connecting to the database: Error: Class "SQLite3" not found in /home/balou/S5/MrRojo/codeigniter4-framework-b3359be/system/Database/SQLite3/Connection.php:111
Stack trace:
#0 /home/balou/S5/MrRojo/codeigniter4-framework-b3359be/system/Database/BaseConnection.php(555): CodeIgniter\Database\SQLite3\Connection->connect()
#1 /home/balou/S5/MrRojo/codeigniter4-framework-b3359be/system/Database/SQLite3/Connection.php(74): CodeIgniter\Database\BaseConnection->initialize()
#2 /home/balou/S5/MrRojo/codeigniter4-framework-b3359be/system/Database/BaseConnection.php(795): CodeIgniter\Database\SQLite3\Connection->initialize()
#3 /home/balou/S5/MrRojo/codeigniter4-framework-b3359be/system/Database/BaseBuilder.php(1649): CodeIgniter\Database\BaseConnection->query()
#4 /home/balou/S5/MrRojo/codeigniter4-framework-b3359be/system/Model.php(192): CodeIgniter\Database\BaseBuilder->get()
#5 /home/balou/S5/MrRojo/codeigniter4-framework-b3359be/system/BaseModel.php(615): CodeIgniter\Model->doFind()
#6 /home/balou/S5/MrRojo/codeigniter4-framework-b3359be/app/Controllers/Api/LivresManuel.php(16): CodeIgniter\BaseModel->find()
#7 /home/balou/S5/MrRojo/codeigniter4-framework-b3359be/system/CodeIgniter.php(951): App\Controllers\Api\LivresManuel->show()
#8 /home/balou/S5/MrRojo/codeigniter4-framework-b3359be/system/CodeIgniter.php(497): CodeIgniter\CodeIgniter->runController()
#9 /home/balou/S5/MrRojo/codeigniter4-framework-b3359be/system/CodeIgniter.php(340): CodeIgniter\CodeIgniter->handleRequest()
#10 /home/balou/S5/MrRojo/codeigniter4-framework-b3359be/system/Boot.php(417): CodeIgniter\CodeIgniter->run()
#11 /home/balou/S5/MrRojo/codeigniter4-framework-b3359be/system/Boot.php(68): CodeIgniter\Boot::runCodeIgniter()
#12 /home/balou/S5/MrRojo/codeigniter4-framework-b3359be/public/index.php(59): CodeIgniter\Boot::bootWeb()
#13 /home/balou/S5/MrRojo/codeigniter4-framework-b3359be/system/rewrite.php(44): require_once('...')
#14 {main}
CRITICAL - 2026-09-28 23:18:07 --> CodeIgniter\Database\Exceptions\DatabaseException: Unable to connect to the database.
Main connection [SQLite3]: Class "SQLite3" not found
[Method: GET, Route: api/manuel/livres/1]
in SYSTEMPATH/Database/BaseConnection.php on line 606.
 1 SYSTEMPATH/Database/SQLite3/Connection.php(74): CodeIgniter\Database\BaseConnection->initialize()
 2 SYSTEMPATH/Database/BaseConnection.php(795): CodeIgniter\Database\SQLite3\Connection->initialize()
 3 SYSTEMPATH/Database/BaseBuilder.php(1649): CodeIgniter\Database\BaseConnection->query()
 4 SYSTEMPATH/Model.php(192): CodeIgniter\Database\BaseBuilder->get()
 5 SYSTEMPATH/BaseModel.php(615): CodeIgniter\Model->doFind()
 6 APPPATH/Controllers/Api/LivresManuel.php(16): CodeIgniter\BaseModel->find()
 7 SYSTEMPATH/CodeIgniter.php(951): App\Controllers\Api\LivresManuel->show()
 8 SYSTEMPATH/CodeIgniter.php(497): CodeIgniter\CodeIgniter->runController()
 9 SYSTEMPATH/CodeIgniter.php(340): CodeIgniter\CodeIgniter->handleRequest()
10 SYSTEMPATH/Boot.php(417): CodeIgniter\CodeIgniter->run()
11 SYSTEMPATH/Boot.php(68): CodeIgniter\Boot::runCodeIgniter()
12 FCPATH/index.php(59): CodeIgniter\Boot::bootWeb()
13 SYSTEMPATH/rewrite.php(44): require_once('/home/balou/S5/MrRojo/codeigniter4-framework-b3359be/public/index.php')
ERROR - 2026-09-28 23:18:17 --> Error connecting to the database: Error: Class "SQLite3" not found in /home/balou/S5/MrRojo/codeigniter4-framework-b3359be/system/Database/SQLite3/Connection.php:111
Stack trace:
#0 /home/balou/S5/MrRojo/codeigniter4-framework-b3359be/system/Database/BaseConnection.php(555): CodeIgniter\Database\SQLite3\Connection->connect()
#1 /home/balou/S5/MrRojo/codeigniter4-framework-b3359be/system/Database/SQLite3/Connection.php(74): CodeIgniter\Database\BaseConnection->initialize()
#2 /home/balou/S5/MrRojo/codeigniter4-framework-b3359be/system/Database/BaseConnection.php(795): CodeIgniter\Database\SQLite3\Connection->initialize()
#3 /home/balou/S5/MrRojo/codeigniter4-framework-b3359be/system/Database/BaseBuilder.php(1649): CodeIgniter\Database\BaseConnection->query()
#4 /home/balou/S5/MrRojo/codeigniter4-framework-b3359be/system/Model.php(192): CodeIgniter\Database\BaseBuilder->get()
#5 /home/balou/S5/MrRojo/codeigniter4-framework-b3359be/system/BaseModel.php(615): CodeIgniter\Model->doFind()
#6 /home/balou/S5/MrRojo/codeigniter4-framework-b3359be/app/Controllers/Api/LivresManuel.php(16): CodeIgniter\BaseModel->find()
#7 /home/balou/S5/MrRojo/codeigniter4-framework-b3359be/system/CodeIgniter.php(951): App\Controllers\Api\LivresManuel->show()
#8 /home/balou/S5/MrRojo/codeigniter4-framework-b3359be/system/CodeIgniter.php(497): CodeIgniter\CodeIgniter->runController()
#9 /home/balou/S5/MrRojo/codeigniter4-framework-b3359be/system/CodeIgniter.php(340): CodeIgniter\CodeIgniter->handleRequest()
#10 /home/balou/S5/MrRojo/codeigniter4-framework-b3359be/system/Boot.php(417): CodeIgniter\CodeIgniter->run()
#11 /home/balou/S5/MrRojo/codeigniter4-framework-b3359be/system/Boot.php(68): CodeIgniter\Boot::runCodeIgniter()
#12 /home/balou/S5/MrRojo/codeigniter4-framework-b3359be/public/index.php(59): CodeIgniter\Boot::bootWeb()
#13 /home/balou/S5/MrRojo/codeigniter4-framework-b3359be/system/rewrite.php(44): require_once('...')
#14 {main}
CRITICAL - 2026-09-28 23:18:17 --> CodeIgniter\Database\Exceptions\DatabaseException: Unable to connect to the database.
Main connection [SQLite3]: Class "SQLite3" not found
[Method: GET, Route: api/manuel/livres/1]
in SYSTEMPATH/Database/BaseConnection.php on line 606.
 1 SYSTEMPATH/Database/SQLite3/Connection.php(74): CodeIgniter\Database\BaseConnection->initialize()
 2 SYSTEMPATH/Database/BaseConnection.php(795): CodeIgniter\Database\SQLite3\Connection->initialize()
 3 SYSTEMPATH/Database/BaseBuilder.php(1649): CodeIgniter\Database\BaseConnection->query()
 4 SYSTEMPATH/Model.php(192): CodeIgniter\Database\BaseBuilder->get()
 5 SYSTEMPATH/BaseModel.php(615): CodeIgniter\Model->doFind()
 6 APPPATH/Controllers/Api/LivresManuel.php(16): CodeIgniter\BaseModel->find()
 7 SYSTEMPATH/CodeIgniter.php(951): App\Controllers\Api\LivresManuel->show()
 8 SYSTEMPATH/CodeIgniter.php(497): CodeIgniter\CodeIgniter->runController()
 9 SYSTEMPATH/CodeIgniter.php(340): CodeIgniter\CodeIgniter->handleRequest()
10 SYSTEMPATH/Boot.php(417): CodeIgniter\CodeIgniter->run()
11 SYSTEMPATH/Boot.php(68): CodeIgniter\Boot::runCodeIgniter()
12 FCPATH/index.php(59): CodeIgniter\Boot::bootWeb()
13 SYSTEMPATH/rewrite.php(44): require_once('/home/balou/S5/MrRojo/codeigniter4-framework-b3359be/public/index.php')
ERROR - 2026-09-28 23:19:43 --> Error connecting to the database: Error: Class "SQLite3" not found in /home/balou/S5/MrRojo/codeigniter4-framework-b3359be/system/Database/SQLite3/Connection.php:111
Stack trace:
#0 /home/balou/S5/MrRojo/codeigniter4-framework-b3359be/system/Database/BaseConnection.php(555): CodeIgniter\Database\SQLite3\Connection->connect()
#1 /home/balou/S5/MrRojo/codeigniter4-framework-b3359be/system/Database/SQLite3/Connection.php(74): CodeIgniter\Database\BaseConnection->initialize()
#2 /home/balou/S5/MrRojo/codeigniter4-framework-b3359be/system/Database/BaseConnection.php(795): CodeIgniter\Database\SQLite3\Connection->initialize()
#3 /home/balou/S5/MrRojo/codeigniter4-framework-b3359be/system/Database/BaseBuilder.php(1649): CodeIgniter\Database\BaseConnection->query()
#4 /home/balou/S5/MrRojo/codeigniter4-framework-b3359be/system/Model.php(192): CodeIgniter\Database\BaseBuilder->get()
#5 /home/balou/S5/MrRojo/codeigniter4-framework-b3359be/system/BaseModel.php(615): CodeIgniter\Model->doFind()
#6 /home/balou/S5/MrRojo/codeigniter4-framework-b3359be/app/Controllers/Api/LivresManuel.php(16): CodeIgniter\BaseModel->find()
#7 /home/balou/S5/MrRojo/codeigniter4-framework-b3359be/system/CodeIgniter.php(951): App\Controllers\Api\LivresManuel->show()
#8 /home/balou/S5/MrRojo/codeigniter4-framework-b3359be/system/CodeIgniter.php(497): CodeIgniter\CodeIgniter->runController()
#9 /home/balou/S5/MrRojo/codeigniter4-framework-b3359be/system/CodeIgniter.php(340): CodeIgniter\CodeIgniter->handleRequest()
#10 /home/balou/S5/MrRojo/codeigniter4-framework-b3359be/system/Boot.php(417): CodeIgniter\CodeIgniter->run()
#11 /home/balou/S5/MrRojo/codeigniter4-framework-b3359be/system/Boot.php(68): CodeIgniter\Boot::runCodeIgniter()
#12 /home/balou/S5/MrRojo/codeigniter4-framework-b3359be/public/index.php(59): CodeIgniter\Boot::bootWeb()
#13 /home/balou/S5/MrRojo/codeigniter4-framework-b3359be/system/rewrite.php(44): require_once('...')
#14 {main}
CRITICAL - 2026-09-28 23:19:43 --> CodeIgniter\Database\Exceptions\DatabaseException: Unable to connect to the database.
Main connection [SQLite3]: Class "SQLite3" not found
[Method: GET, Route: api/manuel/livres/1]
in SYSTEMPATH/Database/BaseConnection.php on line 606.
 1 SYSTEMPATH/Database/SQLite3/Connection.php(74): CodeIgniter\Database\BaseConnection->initialize()
 2 SYSTEMPATH/Database/BaseConnection.php(795): CodeIgniter\Database\SQLite3\Connection->initialize()
 3 SYSTEMPATH/Database/BaseBuilder.php(1649): CodeIgniter\Database\BaseConnection->query()
 4 SYSTEMPATH/Model.php(192): CodeIgniter\Database\BaseBuilder->get()
 5 SYSTEMPATH/BaseModel.php(615): CodeIgniter\Model->doFind()
 6 APPPATH/Controllers/Api/LivresManuel.php(16): CodeIgniter\BaseModel->find()
 7 SYSTEMPATH/CodeIgniter.php(951): App\Controllers\Api\LivresManuel->show()
 8 SYSTEMPATH/CodeIgniter.php(497): CodeIgniter\CodeIgniter->runController()
 9 SYSTEMPATH/CodeIgniter.php(340): CodeIgniter\CodeIgniter->handleRequest()
10 SYSTEMPATH/Boot.php(417): CodeIgniter\CodeIgniter->run()
11 SYSTEMPATH/Boot.php(68): CodeIgniter\Boot::runCodeIgniter()
12 FCPATH/index.php(59): CodeIgniter\Boot::bootWeb()
13 SYSTEMPATH/rewrite.php(44): require_once('/home/balou/S5/MrRojo/codeigniter4-framework-b3359be/public/index.php')
